Charm++: standalone mode (not using charmrun)
Charm++> Running in Multicore mode: 3 threads (PEs)
Charm++> Using recursive bisection (scheme 3) for topology aware partitions
Converse/Charm++ Commit ID: 
CharmLB> Load balancer assumes all CPUs are same.
Charm++> Running on 1 hosts (1 sockets x 2 cores x 2 PUs = 4-way SMP)
Charm++> cpu topology info is gathered in 0.001 seconds.
CharmLB> Load balancing instrumentation for communication is off.
Info: NAMD 3.0.2 for Linux-x86_64-multicore
Info: 
Info: Please visit http://www.ks.uiuc.edu/Research/namd/
Info: for updates, documentation, and support information.
Info: 
Info: Please cite Phillips et al., J. Chem. Phys. 153:044130 (2020) doi:10.1063/5.0014475
Info: in all publications reporting results obtained with NAMD.
Info: 
Info: Based on Charm++/Converse 80000 for multicore-linux-x86_64-gcc
Info: Built Wed Aug 27 15:39:24 CDT 2025 by dhardy on athine.ks.uiuc.edu
Info: 1 NAMD  3.0.2  Linux-x86_64-multicore  3    Lenovo  londro
Info: Running on 3 processors, 1 nodes, 1 physical nodes.
Info: CPU topology information available.
Info: Charm++/Converse parallel runtime startup completed at 0.00681254 s
CkLoopLib is used in SMP with simple dynamic scheduling (converse-level notification)
Info: 167.672 MB of memory in use based on /proc/self/stat
Info: Configuration file is eq_pamam_1_CLK.0.namd
Info: Working in the current directory /home/londro/Desktop/Practica/CLK-peptids/1_CLK/namd
TCL: Suspending until startup complete.
Info: EXTENDED SYSTEM FILE   ../output/min_1_CLK.0.restart.xsc
Warning: The Langevin gamma parameters differ over the particles,
Warning: requiring extra work per step to constrain rigid bonds.
Info: SIMULATION PARAMETERS:
Info: TIMESTEP               4
Info: NUMBER OF STEPS        12500000
Info: STEPS PER CYCLE        10
Info: PERIODIC CELL BASIS 1  50.463 0 0
Info: PERIODIC CELL BASIS 2  0 54.107 0
Info: PERIODIC CELL BASIS 3  0 0 57.314
Info: PERIODIC CELL CENTER   0 0 0
Info: WRAPPING ALL CLUSTERS AROUND PERIODIC BOUNDARIES ON OUTPUT.
Info: WRAPPING TO IMAGE NEAREST TO PERIODIC CELL CENTER.
Info: LOAD BALANCER  Centralized
Info: LOAD BALANCING STRATEGY  New Load Balancers -- DEFAULT
Info: LDB PERIOD             2000 steps
Info: FIRST LDB TIMESTEP     50
Info: LAST LDB TIMESTEP     -1
Info: LDB BACKGROUND SCALING 1
Info: HOM BACKGROUND SCALING 1
Info: PME BACKGROUND SCALING 1
Info: MIN ATOMS PER PATCH    40
Info: EMPTY PATCH LOAD       40 ATOMS
Info: VELOCITY FILE          ../output/min_1_CLK.0.restart.vel
Info: CENTER OF MASS MOVING INITIALLY? YES
Info: DIELECTRIC             1
Info: EXCLUDE                SCALED ONE-FOUR
Info: 1-4 ELECTROSTATICS SCALED BY 1
Info: MODIFIED 1-4 VDW PARAMETERS WILL BE USED
Info: DCD FILENAME           ../output/eq_1_CLK.0.dcd
Info: DCD FREQUENCY          10000
Info: DCD FIRST STEP         10000
Info: DCD FILE WILL CONTAIN UNIT CELL DATA
Info: XST FILENAME           ../output/eq_1_CLK.0.xst
Info: XST FREQUENCY          10000
Info: NO VELOCITY DCD OUTPUT
Info: NO FORCE DCD OUTPUT
Info: OUTPUT FILENAME        ../output/eq_1_CLK.0
Info: BINARY OUTPUT FILES WILL BE USED
Info: RESTART FILENAME       ../output/eq_1_CLK.0.restart
Info: RESTART FREQUENCY      10000
Info: BINARY RESTART FILES WILL BE USED
Info: SWITCHING ACTIVE
Info: VDW FORCE SWITCHING ACTIVE
Info: SWITCHING ON           8
Info: SWITCHING OFF          9
Info: PAIRLIST DISTANCE      11
Info: PAIRLIST SHRINK RATE   0.01
Info: PAIRLIST GROW RATE     0.01
Info: PAIRLIST TRIGGER       0.3
Info: PAIRLISTS PER CYCLE    2
Info: PAIRLISTS ENABLED
Info: MARGIN                 4
Info: HYDROGEN GROUP CUTOFF  2.5
Info: PATCH DIMENSION        17.5
Info: ENERGY OUTPUT STEPS    10000
Info: ENERGY EVALUATION STEPS    10000
Info: OUTPUT ENERGY PRECISION 4
Info: CROSSTERM ENERGY INCLUDED IN DIHEDRAL
Info: TIMING OUTPUT STEPS    10000
Info: PRESSURE OUTPUT STEPS  10000
Info: LANGEVIN DYNAMICS ACTIVE
Info: LANGEVIN TEMPERATURE   300
Info: LANGEVIN USING BBK INTEGRATOR
Info: LANGEVIN DAMPING COEFFICIENT IS 1 INVERSE PS
Info: LANGEVIN DYNAMICS NOT APPLIED TO HYDROGENS
Info: LANGEVIN PISTON PRESSURE CONTROL ACTIVE
Info:        TARGET PRESSURE IS 1.01325 BAR
Info:     OSCILLATION PERIOD IS 400 FS
Info:             DECAY TIME IS 300 FS
Info:     PISTON TEMPERATURE IS 300 K
Info:       PRESSURE CONTROL IS GROUP-BASED
Info:    INITIAL STRAIN RATE IS 0 0 0
Info:       CELL FLUCTUATION IS ANISOTROPIC
Info:     SHAPE OF CELL IS CONSTRAINED IN X-Y PLANE
Info: PARTICLE MESH EWALD (PME) ACTIVE
Info: PME TOLERANCE               1e-06
Info: PME EWALD COEFFICIENT       0.348832
Info: PME INTERPOLATION ORDER     4
Info: PME GRID DIMENSIONS         44 48 48
Info: PME MAXIMUM GRID SPACING    1.2
Info: Attempting to read FFTW data from FFTW_NAMD_3.0.2_Linux-x86_64-multicore.txt
Info: Optimizing 6 FFT steps.  1... 2... 3... 4... 5... 6...   Done.
Info: Writing FFTW data to FFTW_NAMD_3.0.2_Linux-x86_64-multicore.txt
Info: FULL ELECTROSTATIC EVALUATION FREQUENCY      1
Info: USING VERLET I (r-RESPA) MTS SCHEME.
Info: C1 SPLITTING OF LONG RANGE ELECTROSTATICS
Info: PLACING ATOMS IN PATCHES BY HYDROGEN GROUPS
Info: RIGID BONDS TO HYDROGEN : ALL
Info:         ERROR TOLERANCE : 1e-08
Info:          MAX ITERATIONS : 100
Info: RIGID WATER USING SETTLE ALGORITHM
Info: RANDOM NUMBER SEED     1768273556
Info: USE HYDROGEN BONDS?    NO
Info: COORDINATE PDB         ../build/final-sist-1_CLK_ion.pdb
Info: STRUCTURE FILE         ../build/repart_1_CLK.psf
Info: PARAMETER file: CHARMM format! 
Info: PARAMETERS             ../parameters/par_all36_prot_lipid_water_ions.prm
Info: PARAMETERS             ../parameters/par_all36_prot_lipid_water_ions_hyp.prm
Info: PARAMETERS             ../parameters/par_all36_cgenff.prm
Info: PARAMETERS             ../parameters/par_all36_prot.prm
Info: PARAMETERS             ../parameters/toppar_water_ions_cgenff.str
Info: PARAMETERS             ../parameters/par_interface.prm
Info: PARAMETERS             ../parameters/par_all36_carb.prm
Info: PARAMETERS             ../parameters/par_all36_na.prm
Info: PARAMETERS             ../parameters/par_all36_cgenff_edit_gold.prm
Info: USING ARITHMETIC MEAN TO COMBINE L-J SIGMA PARAMETERS
Info: BINARY COORDINATES     ../output/min_1_CLK.0.restart.coor
Info: SKIPPING rtf SECTION IN STREAM FILE

Warning: DUPLICATE BOND ENTRY FOR CG2O7-OG2D5
PREVIOUS VALUES  k=986  x0=1.16
   USING VALUES  k=986  x0=1.17

Warning: DUPLICATE BOND ENTRY FOR CG331-NG2S3
PREVIOUS VALUES  k=261  x0=1.49
   USING VALUES  k=266  x0=1.46

Warning: DUPLICATE DIHEDRAL ENTRY FOR CG2R61-CG2R61-OG301-CG331
PREVIOUS VALUES MULTIPLICITY: 1
  k=1.74  n=2  delta=180
Warning: IDENTICAL PERIODICITY! REPLACING OLD VALUES BY: 
  k=1.58  n=2  delta=180
Warning: DUPLICATE vdW ENTRY FOR CG1T1
PREVIOUS VALUES  sigma=3.33196 epsilon=0.17 sigma14=3.33196 epsilon14=0.17
   USING VALUES  sigma=3.27851 epsilon=0.167 sigma14=3.27851 epsilon14=0.167
Warning: DUPLICATE vdW ENTRY FOR CLGR1
PREVIOUS VALUES  sigma=3.43887 epsilon=0.32 sigma14=3.43887 epsilon14=0.32
   USING VALUES  sigma=3.31414 epsilon=0.23 sigma14=3.31414 epsilon14=0.23
Warning: DUPLICATE vdW ENTRY FOR BRGR1
PREVIOUS VALUES  sigma=3.68832 epsilon=0.42 sigma14=3.68832 epsilon14=0.42
   USING VALUES  sigma=3.52796 epsilon=0.32 sigma14=3.52796 epsilon14=0.32
Warning: DUPLICATE vdW ENTRY FOR IGR1
PREVIOUS VALUES  sigma=3.90214 epsilon=0.55 sigma14=3.90214 epsilon14=0.55
   USING VALUES  sigma=3.99123 epsilon=0.52 sigma14=3.99123 epsilon14=0.52
Info: SUMMARY OF PARAMETERS:
Info: 2648 BONDS
Info: 10579 ANGLES
Info: 37618 DIHEDRAL
Info: 737 IMPROPER
Info: 18 CROSSTERM
Info: 802 VDW
Info: 77 VDW_PAIRS
Info: 0 NBTHOLE_PAIRS
Info: TIME FOR READING PSF FILE: 0.176262
Info: Reading pdb file ../build/final-sist-1_CLK_ion.pdb
Info: TIME FOR READING PDB FILE: 0.0281764
Info: 
Info: ****************************
Info: STRUCTURE SUMMARY:
Info: 12668 ATOMS
Info: 6878 BONDS
Info: 3512 ANGLES
Info: 140 DIHEDRALS
Info: 5 IMPROPERS
Info: 1 CROSSTERMS
Info: 0 EXCLUSIONS
Info: 10267 RIGID BONDS
Info: 27737 DEGREES OF FREEDOM
Info: 5813 HYDROGEN GROUPS
Info: 4 ATOMS IN LARGEST HYDROGEN GROUP
Info: 5813 MIGRATION GROUPS
Info: 4 ATOMS IN LARGEST MIGRATION GROUP
Info: TOTAL MASS = 529859 amu
Info: TOTAL CHARGE = 2.98023e-08 e
Info: MASS DENSITY = 5.62253 g/cm^3
Info: ATOM DENSITY = 0.0809507 atoms/A^3
Info: *****************************
Info: Reading from binary file ../output/min_1_CLK.0.restart.coor
Info: 
Info: Entering startup at 12.1753 s, 95.0009 MB of memory in use
Info: Startup phase 0 took 7.9603e-05 s, 95.0009 MB of memory in use
Info: ADDED 10530 IMPLICIT EXCLUSIONS
Info: Startup phase 1 took 0.0164715 s, 95.0009 MB of memory in use
Info: NONBONDED TABLE R-SQUARED SPACING: 0.0625
Info: NONBONDED TABLE SIZE: 705 POINTS
Info: INCONSISTENCY IN FAST TABLE ENERGY VS FORCE: 0.000290481 AT 0.251946
Info: INCONSISTENCY IN SCOR TABLE ENERGY VS FORCE: 0.000238233 AT 8.9687
Info: INCONSISTENCY IN VDWA TABLE ENERGY VS FORCE: 0.0040507 AT 0.251946
Info: ABSOLUTE IMPRECISION IN VDWB TABLE ENERGY: 2.06795e-25 AT 8.99653
Info: RELATIVE IMPRECISION IN VDWB TABLE ENERGY: 1.11702e-16 AT 8.99653
Info: INCONSISTENCY IN VDWB TABLE ENERGY VS FORCE: 0.00150189 AT 0.251946
Info: Startup phase 2 took 0.0122711 s, 95.0009 MB of memory in use
Info: Startup phase 3 took 8.6587e-05 s, 95.0009 MB of memory in use
Info: Startup phase 4 took 0.000175957 s, 95.0009 MB of memory in use
Info: Startup phase 5 took 7.1077e-05 s, 95.0009 MB of memory in use
Info: PATCH GRID IS 2 (PERIODIC) BY 3 (PERIODIC) BY 3 (PERIODIC)
Info: PATCH GRID IS 1-AWAY BY 1-AWAY BY 1-AWAY
Info: Reading from binary file ../output/min_1_CLK.0.restart.vel
Info: LARGEST PATCH (17) HAS 807 ATOMS
Info: TORUS A SIZE 1 USING 0
Info: TORUS B SIZE 1 USING 0
Info: TORUS C SIZE 1 USING 0
Info: TORUS MINIMAL MESH SIZE IS 1 BY 1 BY 1
Info: Placed 100% of base nodes on same physical node as patch
Info: Startup phase 6 took 0.00416907 s, 95.0009 MB of memory in use
Info: PME using 3 and 3 processors for FFT and reciprocal sum.
Info: PME GRID LOCATIONS: 0 1 2
Info: PME TRANS LOCATIONS: 0 1 2
Info: PME USING 1 GRID NODES AND 1 TRANS NODES
Info: Optimizing 4 FFT steps.  1... 2... 3... 4...   Done.
Info: Startup phase 7 took 0.000474751 s, 95.0009 MB of memory in use
Info: Startup phase 8 took 5.7981e-05 s, 95.0009 MB of memory in use
Info: Startup phase 9 took 4.9956e-05 s, 95.0009 MB of memory in use
Info: Startup phase 10 took 4.5237e-05 s, 95.0009 MB of memory in use
Info: Startup phase 11 took 0.000123387 s, 95.0009 MB of memory in use
LDB: Central LB being created...
Info: Startup phase 12 took 0.000104511 s, 95.0009 MB of memory in use
Info: CREATING 375 COMPUTE OBJECTS
Info: useSync: 0 useProxySync: 0
Info: Startup phase 13 took 0.000988577 s, 95.0009 MB of memory in use
Info: Startup phase 14 took 6.8231e-05 s, 95.0009 MB of memory in use
Info: Startup phase 15 took 7.1718e-05 s, 95.0009 MB of memory in use
Info: Finished startup at 12.2106 s, 95.0009 MB of memory in use

PRESSURE: 0 20697.8 46.0492 -17.0277 46.0492 13600.4 44.98 -17.0277 44.98 -5019.64
GPRESSURE: 0 20697.9 46.0847 -17.1962 45.7315 13600.3 44.9771 -17.0228 44.7959 -5019.68
ETITLE:      TS           BOND          ANGLE          DIHED          IMPRP               ELECT            VDW       BOUNDARY           MISC        KINETIC               TOTAL           TEMP      POTENTIAL         TOTAL3        TEMPAVG            PRESSURE      GPRESSURE         VOLUME       PRESSAVG      GPRESSAVG

ENERGY:       0         1.4047         5.8252        17.6314         0.5233         -46088.8952    -85989.2347         0.0000         0.0000         0.0000        -132052.7452         0.0000   -132052.7452   -132052.7445         0.0000           9759.5137      9759.5010    156490.2339      9759.5137      9759.5010

OPENING EXTENDED SYSTEM TRAJECTORY FILE
LDB: ============= START OF LOAD BALANCING ============== 12.5815
LDB: ============== END OF LOAD BALANCING =============== 12.5816
Info: useSync: 0 useProxySync: 0
LDB: =============== DONE WITH MIGRATION ================ 12.5817
LDB: ============= START OF LOAD BALANCING ============== 14.2946
LDB: Largest compute 30 load 0.116880 is 8.2% of average load 1.427322
LDB: Average compute 0.009329 is 0.7% of average load 1.427322
LDB: Partitioning computes with target load 0.142732
LDB: Increased migratable compute count from 342 to 342
LDB: Largest unpartitionable compute is 0.005069
LDB: ============== END OF LOAD BALANCING =============== 14.2959
Info: useSync: 0 useProxySync: 0
LDB: =============== DONE WITH MIGRATION ================ 14.2964
Info: Initial time: 3 CPUs 0.0410772 s/step 0.118858 days/ns 95.0009 MB memory
LDB: ============= START OF LOAD BALANCING ============== 14.6604
LDB: ============== END OF LOAD BALANCING =============== 14.6605
Info: useSync: 0 useProxySync: 0
LDB: =============== DONE WITH MIGRATION ================ 14.6606
LDB: ============= START OF LOAD BALANCING ============== 15.8393
LDB: Largest compute 35 load 0.092589 is 8.2% of average load 1.123744
LDB: Average compute 0.007298 is 0.6% of average load 1.123744
LDB: TIME 15.84 LOAD: AVG 1.12374 MAX 1.1459  PROXIES: TOTAL 30 MAXPE 12 MAXPATCH 2 None MEM: 95.0009 MB
LDB: TIME 15.8403 LOAD: AVG 1.12374 MAX 1.22623  PROXIES: TOTAL 30 MAXPE 12 MAXPATCH 2 TorusLB MEM: 95.0009 MB
LDB: Reverting to original mapping
LDB: ============== END OF LOAD BALANCING =============== 15.8407
Info: useSync: 0 useProxySync: 0
LDB: =============== DONE WITH MIGRATION ================ 15.8411
Info: Initial time: 3 CPUs 0.0308884 s/step 0.0893763 days/ns 95.0009 MB memory
LDB: ============= START OF LOAD BALANCING ============== 17.3625
LDB: Largest compute 35 load 0.121389 is 8.6% of average load 1.417138
LDB: Average compute 0.009238 is 0.7% of average load 1.417138
LDB: TIME 17.3629 LOAD: AVG 1.41714 MAX 1.42882  PROXIES: TOTAL 30 MAXPE 12 MAXPATCH 2 None MEM: 95.0009 MB
LDB: TIME 17.3631 LOAD: AVG 1.41714 MAX 1.42882  PROXIES: TOTAL 30 MAXPE 12 MAXPATCH 2 RefineTorusLB MEM: 95.0009 MB
LDB: TIME 17.3631 LOAD: AVG 1.41714 MAX 1.42882  PROXIES: TOTAL 30 MAXPE 12 MAXPATCH 2 RefineTorusLB MEM: 95.0009 MB
LDB: ============== END OF LOAD BALANCING =============== 17.3632
Info: useSync: 0 useProxySync: 0
LDB: =============== DONE WITH MIGRATION ================ 17.3637
Info: Initial time: 3 CPUs 0.0303472 s/step 0.0878103 days/ns 95.0009 MB memory
LDB: ============= START OF LOAD BALANCING ============== 19.0702
LDB: Largest compute 31 load 0.134533 is 9.1% of average load 1.481588
LDB: Average compute 0.009703 is 0.7% of average load 1.481588
LDB: TIME 19.0704 LOAD: AVG 1.48159 MAX 1.59019  PROXIES: TOTAL 30 MAXPE 12 MAXPATCH 2 None MEM: 95.0009 MB
LDB: TIME 19.0705 LOAD: AVG 1.48159 MAX 1.59019  PROXIES: TOTAL 30 MAXPE 12 MAXPATCH 2 RefineTorusLB MEM: 95.0009 MB
LDB: TIME 19.071 LOAD: AVG 1.48159 MAX 1.50438  PROXIES: TOTAL 30 MAXPE 12 MAXPATCH 2 RefineTorusLB MEM: 95.0009 MB
LDB: ============== END OF LOAD BALANCING =============== 19.0711
Info: useSync: 0 useProxySync: 0
LDB: =============== DONE WITH MIGRATION ================ 19.0714
Info: Benchmark time: 3 CPUs 0.0340809 s/step 0.0986137 days/ns 95.0009 MB memory
